// Jest Snapshot v1, https://goo.gl/fbAQLP

exports[`should render DashboardPage correctly 1`] = `
<div
  className="dashboard-page"
>
  <FormInput
    addUser={[Function]}
  />
  <div
    className="content-frame"
  />
</div>
`;
