// Jest Snapshot v1, https://goo.gl/fbAQLP

exports[`should render Loading correctly 1`] = `
<div
  className="loader "
>
  <img
    alt="Loading page gif"
    className="loader__image"
    src="/images/loader.gif"
  />
</div>
`;
